{
  "version": "1.5.0",
  "plugins_used": [
    {
      "name": "ArtifactoryDetector"
    },
    {
      "name": "AWSKeyDetector"
    },
    {
      "name": "AzureStorageKeyDetector"
    },
    {
      "name": "Base64HighEntropyString",
      "limit": 4.5
    },
    {
      "name": "BasicAuthDetector"
    },
    {
      "name": "CloudantDetector"
    },
    {
      "name": "DiscordBotTokenDetector"
    },
    {
      "name": "GitHubTokenDetector"
    },
    {
      "name": "GitLabTokenDetector"
    },
    {
      "name": "HexHighEntropyString",
      "limit": 3.0
    },
    {
      "name": "IbmCloudIamDetector"
    },
    {
      "name": "IbmCosHmacDetector"
    },
    {
      "name": "IPPublicDetector"
    },
    {
      "name": "JwtTokenDetector"
    },
    {
      "name": "KeywordDetector",
      "keyword_exclude": ""
    },
    {
      "name": "MailchimpDetector"
    },
    {
      "name": "NpmDetector"
    },
    {
      "name": "OpenAIDetector"
    },
    {
      "name": "PrivateKeyDetector"
    },
    {
      "name": "PypiTokenDetector"
    },
    {
      "name": "SendGridDetector"
    },
    {
      "name": "SlackDetector"
    },
    {
      "name": "SoftlayerDetector"
    },
    {
      "name": "SquareOAuthDetector"
    },
    {
      "name": "StripeDetector"
    },
    {
      "name": "TelegramBotTokenDetector"
    },
    {
      "name": "TwilioKeyDetector"
    }
  ],
  "filters_used": [
    {
      "path": "detect_secrets.filters.allowlist.is_line_allowlisted"
    },
    {
      "path": "detect_secrets.filters.common.is_baseline_file",
      "filename": ".secrets.baseline"
    },
    {
      "path": "detect_secrets.filters.common.is_ignored_due_to_verification_policies",
      "min_level": 2
    },
    {
      "path": "detect_secrets.filters.heuristic.is_indirect_reference"
    },
    {
      "path": "detect_secrets.filters.heuristic.is_likely_id_string"
    },
    {
      "path": "detect_secrets.filters.heuristic.is_lock_file"
    },
    {
      "path": "detect_secrets.filters.heuristic.is_not_alphanumeric_string"
    },
    {
      "path": "detect_secrets.filters.heuristic.is_potential_uuid"
    },
    {
      "path": "detect_secrets.filters.heuristic.is_prefixed_with_dollar_sign"
    },
    {
      "path": "detect_secrets.filters.heuristic.is_sequential_string"
    },
    {
      "path": "detect_secrets.filters.heuristic.is_swagger_file"
    },
    {
      "path": "detect_secrets.filters.heuristic.is_templated_secret"
    },
    {
      "path": "detect_secrets.filters.regex.should_exclude_file",
      "pattern": [
        "\\.env.*",
        "secrets/",
        "node_modules/",
        "\\.venv/",
        "data/",
        "\\.git/"
      ]
    }
  ],
  "results": {
    ".agents/skills/aspire/references/architecture.md": [
      {
        "type": "Basic Auth Credentials",
        "filename": ".agents/skills/aspire/references/architecture.md",
        "hashed_secret": "35675e68f4b5af7b995d9205ad0fc43842f16450",
        "is_verified": false,
        "line_number": 124
      }
    ],
    ".agents/skills/ckm-design/SKILL.md": [
      {
        "type": "Secret Keyword",
        "filename": ".agents/skills/ckm-design/SKILL.md",
        "hashed_secret": "6d9c68c603e465077bdd49c62347fe54717f83a3",
        "is_verified": false,
        "line_number": 295
      }
    ],
    ".agents/skills/ckm-design/references/cip-design.md": [
      {
        "type": "Secret Keyword",
        "filename": ".agents/skills/ckm-design/references/cip-design.md",
        "hashed_secret": "6d9c68c603e465077bdd49c62347fe54717f83a3",
        "is_verified": false,
        "line_number": 119
      }
    ],
    ".agents/skills/ckm-design/references/icon-design.md": [
      {
        "type": "Secret Keyword",
        "filename": ".agents/skills/ckm-design/references/icon-design.md",
        "hashed_secret": "6d9c68c603e465077bdd49c62347fe54717f83a3",
        "is_verified": false,
        "line_number": 120
      }
    ],
    ".agents/skills/ckm-design/references/logo-design.md": [
      {
        "type": "Secret Keyword",
        "filename": ".agents/skills/ckm-design/references/logo-design.md",
        "hashed_secret": "6d9c68c603e465077bdd49c62347fe54717f83a3",
        "is_verified": false,
        "line_number": 90
      }
    ],
    ".agents/skills/ckm-design/scripts/icon/generate.py": [
      {
        "type": "Secret Keyword",
        "filename": ".agents/skills/ckm-design/scripts/icon/generate.py",
        "hashed_secret": "6d9c68c603e465077bdd49c62347fe54717f83a3",
        "is_verified": false,
        "line_number": 195
      }
    ],
    ".agents/skills/ckm-design/scripts/logo/generate.py": [
      {
        "type": "Secret Keyword",
        "filename": ".agents/skills/ckm-design/scripts/logo/generate.py",
        "hashed_secret": "6d9c68c603e465077bdd49c62347fe54717f83a3",
        "is_verified": false,
        "line_number": 147
      }
    ],
    ".agents/skills/create-web-form/references/hypertext-transfer-protocol.md": [
      {
        "type": "Basic Auth Credentials",
        "filename": ".agents/skills/create-web-form/references/hypertext-transfer-protocol.md",
        "hashed_secret": "5baa61e4c9b93f3f0682250b6cf8331b7ee68fd8",
        "is_verified": false,
        "line_number": 634
      },
      {
        "type": "Hex High Entropy String",
        "filename": ".agents/skills/create-web-form/references/hypertext-transfer-protocol.md",
        "hashed_secret": "edfb393011a24de5bffaf4928ea8637a224f99d6",
        "is_verified": false,
        "line_number": 728
      }
    ],
    ".agents/skills/create-web-form/references/javascript.md": [
      {
        "type": "Secret Keyword",
        "filename": ".agents/skills/create-web-form/references/javascript.md",
        "hashed_secret": "9c628d788df3b4b5e6fb8a122b60551dfa7472c5",
        "is_verified": false,
        "line_number": 1698
      },
      {
        "type": "Secret Keyword",
        "filename": ".agents/skills/create-web-form/references/javascript.md",
        "hashed_secret": "7e2ef23a79de1ac3e28dec9e29bfdecde7c43fa3",
        "is_verified": false,
        "line_number": 1704
      }
    ],
    ".agents/skills/create-web-form/references/php-mysql-database.md": [
      {
        "type": "Secret Keyword",
        "filename": ".agents/skills/create-web-form/references/php-mysql-database.md",
        "hashed_secret": "5baa61e4c9b93f3f0682250b6cf8331b7ee68fd8",
        "is_verified": false,
        "line_number": 95
      }
    ],
    ".agents/skills/create-web-form/references/python-as-web-framework.md": [
      {
        "type": "Secret Keyword",
        "filename": ".agents/skills/create-web-form/references/python-as-web-framework.md",
        "hashed_secret": "33f220dd67f717cc949db63e21c90e130a6137da",
        "is_verified": false,
        "line_number": 450
      }
    ],
    ".agents/skills/create-web-form/references/python-contact-form.md": [
      {
        "type": "Secret Keyword",
        "filename": ".agents/skills/create-web-form/references/python-contact-form.md",
        "hashed_secret": "33f220dd67f717cc949db63e21c90e130a6137da",
        "is_verified": false,
        "line_number": 113
      },
      {
        "type": "Secret Keyword",
        "filename": ".agents/skills/create-web-form/references/python-contact-form.md",
        "hashed_secret": "066ed58df22a2d43cc40d726c7165793907861a3",
        "is_verified": false,
        "line_number": 161
      }
    ],
    ".agents/skills/create-web-form/references/python-flask.md": [
      {
        "type": "Secret Keyword",
        "filename": ".agents/skills/create-web-form/references/python-flask.md",
        "hashed_secret": "33f220dd67f717cc949db63e21c90e130a6137da",
        "is_verified": false,
        "line_number": 28
      },
      {
        "type": "Secret Keyword",
        "filename": ".agents/skills/create-web-form/references/python-flask.md",
        "hashed_secret": "e5e9fa1ba31ecd1ae84f75caaa474f3a663f05f4",
        "is_verified": false,
        "line_number": 36
      }
    ],
    ".agents/skills/nano-banana-pro-openrouter/SKILL.md": [
      {
        "type": "Secret Keyword",
        "filename": ".agents/skills/nano-banana-pro-openrouter/SKILL.md",
        "hashed_secret": "a219d7693c25cd2d93313512e200ff3eb374d281",
        "is_verified": false,
        "line_number": 70
      }
    ],
    ".agents/skills/transloadit-media-processing/SKILL.md": [
      {
        "type": "Secret Keyword",
        "filename": ".agents/skills/transloadit-media-processing/SKILL.md",
        "hashed_secret": "e82509b7b6d1adddaa785a1c5aecb7bd1dda0792",
        "is_verified": false,
        "line_number": 46
      }
    ],
    ".agents/skills/web-coder/references/http-networking.md": [
      {
        "type": "Hex High Entropy String",
        "filename": ".agents/skills/web-coder/references/http-networking.md",
        "hashed_secret": "2431dcd348f1cc7e2d70c13eed1df1ee77452bfb",
        "is_verified": false,
        "line_number": 135
      }
    ],
    ".github/workflows/behavior-benchmarks.yml": [
      {
        "type": "Secret Keyword",
        "filename": ".github/workflows/behavior-benchmarks.yml",
        "hashed_secret": "a74d38da17c0cd4808ad03f37440a27c459f6f16",
        "is_verified": false,
        "line_number": 37
      },
      {
        "type": "Basic Auth Credentials",
        "filename": ".github/workflows/behavior-benchmarks.yml",
        "hashed_secret": "a74d38da17c0cd4808ad03f37440a27c459f6f16",
        "is_verified": false,
        "line_number": 65
      }
    ],
    ".github/workflows/ci.yml": [
      {
        "type": "Secret Keyword",
        "filename": ".github/workflows/ci.yml",
        "hashed_secret": "0d466769152805e25214a5637f4418aba148aeae",
        "is_verified": false,
        "line_number": 78
      },
      {
        "type": "Secret Keyword",
        "filename": ".github/workflows/ci.yml",
        "hashed_secret": "eebd8c369bc9a910460a1c7e8d185dfc96ae44eb",
        "is_verified": false,
        "line_number": 191
      },
      {
        "type": "Secret Keyword",
        "filename": ".github/workflows/ci.yml",
        "hashed_secret": "8a5132dd8b62ab1390753a75bb07111b55330832",
        "is_verified": false,
        "line_number": 206
      },
      {
        "type": "Secret Keyword",
        "filename": ".github/workflows/ci.yml",
        "hashed_secret": "20dd1d02fe1c020c52480a920e0428bafe0ffdb3",
        "is_verified": false,
        "line_number": 221
      },
      {
        "type": "Secret Keyword",
        "filename": ".github/workflows/ci.yml",
        "hashed_secret": "352e095fc434eb3f3836268ad0e96d7134eca72d",
        "is_verified": false,
        "line_number": 236
      },
      {
        "type": "Secret Keyword",
        "filename": ".github/workflows/ci.yml",
        "hashed_secret": "6f0dd13768219c295ff4a720dd01af317c24f9d1",
        "is_verified": false,
        "line_number": 251
      },
      {
        "type": "Secret Keyword",
        "filename": ".github/workflows/ci.yml",
        "hashed_secret": "88584f55a703cd53ab0cb7be7cba95eb7b6cb8f1",
        "is_verified": false,
        "line_number": 266
      }
    ],
    ".gitleaks.toml": [
      {
        "type": "Secret Keyword",
        "filename": ".gitleaks.toml",
        "hashed_secret": "3442496b96dd01591a8cd44b1eec1368ab728aba",
        "is_verified": false,
        "line_number": 150
      }
    ],
    "BUILD_TIMELINE.md": [
      {
        "type": "Basic Auth Credentials",
        "filename": "BUILD_TIMELINE.md",
        "hashed_secret": "09c691724936606b6aacba7398178aacb6a3a2fb",
        "is_verified": false,
        "line_number": 3105
      },
      {
        "type": "Basic Auth Credentials",
        "filename": "BUILD_TIMELINE.md",
        "hashed_secret": "a70724df200889af8d4754f298e4aa0cafaa061d",
        "is_verified": false,
        "line_number": 3196
      },
      {
        "type": "Basic Auth Credentials",
        "filename": "BUILD_TIMELINE.md",
        "hashed_secret": "3d0216398969807f260cbace9a5df722c75e355e",
        "is_verified": false,
        "line_number": 3440
      },
      {
        "type": "Basic Auth Credentials",
        "filename": "BUILD_TIMELINE.md",
        "hashed_secret": "826160621e7fd1213c51c21627016177be303e27",
        "is_verified": false,
        "line_number": 3451
      },
      {
        "type": "Basic Auth Credentials",
        "filename": "BUILD_TIMELINE.md",
        "hashed_secret": "88584f55a703cd53ab0cb7be7cba95eb7b6cb8f1",
        "is_verified": false,
        "line_number": 3466
      },
      {
        "type": "Basic Auth Credentials",
        "filename": "BUILD_TIMELINE.md",
        "hashed_secret": "a94a8fe5ccb19ba61c4c0873d391e987982fbbd3",
        "is_verified": false,
        "line_number": 3469
      }
    ],
    "config/amprealize/blueprints/ci-test-stack.yaml": [
      {
        "type": "Secret Keyword",
        "filename": "config/amprealize/blueprints/ci-test-stack.yaml",
        "hashed_secret": "eebd8c369bc9a910460a1c7e8d185dfc96ae44eb",
        "is_verified": false,
        "line_number": 10
      },
      {
        "type": "Secret Keyword",
        "filename": "config/amprealize/blueprints/ci-test-stack.yaml",
        "hashed_secret": "8a5132dd8b62ab1390753a75bb07111b55330832",
        "is_verified": false,
        "line_number": 26
      },
      {
        "type": "Secret Keyword",
        "filename": "config/amprealize/blueprints/ci-test-stack.yaml",
        "hashed_secret": "20dd1d02fe1c020c52480a920e0428bafe0ffdb3",
        "is_verified": false,
        "line_number": 42
      },
      {
        "type": "Secret Keyword",
        "filename": "config/amprealize/blueprints/ci-test-stack.yaml",
        "hashed_secret": "352e095fc434eb3f3836268ad0e96d7134eca72d",
        "is_verified": false,
        "line_number": 58
      },
      {
        "type": "Secret Keyword",
        "filename": "config/amprealize/blueprints/ci-test-stack.yaml",
        "hashed_secret": "6f0dd13768219c295ff4a720dd01af317c24f9d1",
        "is_verified": false,
        "line_number": 74
      },
      {
        "type": "Secret Keyword",
        "filename": "config/amprealize/blueprints/ci-test-stack.yaml",
        "hashed_secret": "88584f55a703cd53ab0cb7be7cba95eb7b6cb8f1",
        "is_verified": false,
        "line_number": 90
      },
      {
        "type": "Secret Keyword",
        "filename": "config/amprealize/blueprints/ci-test-stack.yaml",
        "hashed_secret": "3d0216398969807f260cbace9a5df722c75e355e",
        "is_verified": false,
        "line_number": 106
      },
      {
        "type": "Secret Keyword",
        "filename": "config/amprealize/blueprints/ci-test-stack.yaml",
        "hashed_secret": "3ad457e0de7c3a998b7693c86ad7c51e6b5ff488",
        "is_verified": false,
        "line_number": 122
      }
    ],
    "config/amprealize/blueprints/core-data-plane.yaml": [
      {
        "type": "Secret Keyword",
        "filename": "config/amprealize/blueprints/core-data-plane.yaml",
        "hashed_secret": "826160621e7fd1213c51c21627016177be303e27",
        "is_verified": false,
        "line_number": 11
      },
      {
        "type": "Secret Keyword",
        "filename": "config/amprealize/blueprints/core-data-plane.yaml",
        "hashed_secret": "09c691724936606b6aacba7398178aacb6a3a2fb",
        "is_verified": false,
        "line_number": 35
      },
      {
        "type": "Secret Keyword",
        "filename": "config/amprealize/blueprints/core-data-plane.yaml",
        "hashed_secret": "ddb3efc3ca940029d8930568e07a3c67691c0d70",
        "is_verified": false,
        "line_number": 57
      },
      {
        "type": "Secret Keyword",
        "filename": "config/amprealize/blueprints/core-data-plane.yaml",
        "hashed_secret": "203ff1ab9867f6e5e8cd4715186cf20ac56970ee",
        "is_verified": false,
        "line_number": 79
      },
      {
        "type": "Secret Keyword",
        "filename": "config/amprealize/blueprints/core-data-plane.yaml",
        "hashed_secret": "2e1ecee25c48d984728f5ae27968b6fcf036b9b5",
        "is_verified": false,
        "line_number": 101
      },
      {
        "type": "Secret Keyword",
        "filename": "config/amprealize/blueprints/core-data-plane.yaml",
        "hashed_secret": "57bf20f61140ff4580451d96bda84734149ccc8f",
        "is_verified": false,
        "line_number": 123
      },
      {
        "type": "Secret Keyword",
        "filename": "config/amprealize/blueprints/core-data-plane.yaml",
        "hashed_secret": "21ff345c72e992a103f5d91868e6987690c72bb1",
        "is_verified": false,
        "line_number": 145
      },
      {
        "type": "Basic Auth Credentials",
        "filename": "config/amprealize/blueprints/core-data-plane.yaml",
        "hashed_secret": "a70724df200889af8d4754f298e4aa0cafaa061d",
        "is_verified": false,
        "line_number": 179
      },
      {
        "type": "Secret Keyword",
        "filename": "config/amprealize/blueprints/core-data-plane.yaml",
        "hashed_secret": "a70724df200889af8d4754f298e4aa0cafaa061d",
        "is_verified": false,
        "line_number": 181
      },
      {
        "type": "Secret Keyword",
        "filename": "config/amprealize/blueprints/core-data-plane.yaml",
        "hashed_secret": "d033e22ae348aeb5660fc2140aec35850c4da997",
        "is_verified": false,
        "line_number": 196
      },
      {
        "type": "Secret Keyword",
        "filename": "config/amprealize/blueprints/core-data-plane.yaml",
        "hashed_secret": "97cdbdc7feff827efb082a6b6dd2727237cd49fd",
        "is_verified": false,
        "line_number": 198
      }
    ],
    "config/amprealize/blueprints/local-test-suite.yaml": [
      {
        "type": "Secret Keyword",
        "filename": "config/amprealize/blueprints/local-test-suite.yaml",
        "hashed_secret": "d033e22ae348aeb5660fc2140aec35850c4da997",
        "is_verified": false,
        "line_number": 446
      }
    ],
    "config/amprealize/blueprints/metrics-timescaledb.yaml": [
      {
        "type": "Secret Keyword",
        "filename": "config/amprealize/blueprints/metrics-timescaledb.yaml",
        "hashed_secret": "3d0216398969807f260cbace9a5df722c75e355e",
        "is_verified": false,
        "line_number": 11
      }
    ],
    "config/amprealize/blueprints/postgres.timescale.test.yaml": [
      {
        "type": "Secret Keyword",
        "filename": "config/amprealize/blueprints/postgres.timescale.test.yaml",
        "hashed_secret": "5baa61e4c9b93f3f0682250b6cf8331b7ee68fd8",
        "is_verified": false,
        "line_number": 9
      }
    ],
    "config/amprealize/blueprints/test-aware-stack.yaml": [
      {
        "type": "Basic Auth Credentials",
        "filename": "config/amprealize/blueprints/test-aware-stack.yaml",
        "hashed_secret": "afc848c316af1a89d49826c5ae9d00ed769415f3",
        "is_verified": false,
        "line_number": 195
      }
    ],
    "docs/DATABASE_CONSOLIDATION_PLAN.md": [
      {
        "type": "Basic Auth Credentials",
        "filename": "docs/DATABASE_CONSOLIDATION_PLAN.md",
        "hashed_secret": "9d4e1e23bd5b727046a9e3b4b7db57bd8d6ee684",
        "is_verified": false,
        "line_number": 99
      },
      {
        "type": "Basic Auth Credentials",
        "filename": "docs/DATABASE_CONSOLIDATION_PLAN.md",
        "hashed_secret": "114bcddcbcabcb657cda3c015e43b18ab056cc4a",
        "is_verified": false,
        "line_number": 153
      },
      {
        "type": "Basic Auth Credentials",
        "filename": "docs/DATABASE_CONSOLIDATION_PLAN.md",
        "hashed_secret": "95feb49f75709b899e2f7f81e7d9d9146eb8d321",
        "is_verified": false,
        "line_number": 260
      }
    ],
    "docs/DEVICE_FLOW_GUIDE.md": [
      {
        "type": "Base64 High Entropy String",
        "filename": "docs/DEVICE_FLOW_GUIDE.md",
        "hashed_secret": "fa388a28f84921ab0d66b0064e4aef3b66aaefed",
        "is_verified": false,
        "line_number": 111
      }
    ],
    "docs/GITHUB_OAUTH_SETUP.md": [
      {
        "type": "Basic Auth Credentials",
        "filename": "docs/GITHUB_OAUTH_SETUP.md",
        "hashed_secret": "6f0dd13768219c295ff4a720dd01af317c24f9d1",
        "is_verified": false,
        "line_number": 137
      }
    ],
    "docs/INSTALLATION_AND_REPO_OPTIMIZATION_PLAN.md": [
      {
        "type": "Basic Auth Credentials",
        "filename": "docs/INSTALLATION_AND_REPO_OPTIMIZATION_PLAN.md",
        "hashed_secret": "a8cb419d09ae95c50c301ba110557d2d3315f45a",
        "is_verified": false,
        "line_number": 907
      },
      {
        "type": "Basic Auth Credentials",
        "filename": "docs/INSTALLATION_AND_REPO_OPTIMIZATION_PLAN.md",
        "hashed_secret": "bef500f3618257cc9d890caa49bec7b8425e5d83",
        "is_verified": false,
        "line_number": 908
      }
    ],
    "docs/INTERNAL_AUTH_GUIDE.md": [
      {
        "type": "Secret Keyword",
        "filename": "docs/INTERNAL_AUTH_GUIDE.md",
        "hashed_secret": "72559b51f94a7a3ad058c5740cbe2f7cb0d4080b",
        "is_verified": false,
        "line_number": 63
      },
      {
        "type": "Secret Keyword",
        "filename": "docs/INTERNAL_AUTH_GUIDE.md",
        "hashed_secret": "ecb252044b5ea0f679ee78ec1a12904739e2904d",
        "is_verified": false,
        "line_number": 121
      },
      {
        "type": "Secret Keyword",
        "filename": "docs/INTERNAL_AUTH_GUIDE.md",
        "hashed_secret": "e46bdba4607b7ee7cb6d1eff9105ba17118e4a3c",
        "is_verified": false,
        "line_number": 155
      },
      {
        "type": "Secret Keyword",
        "filename": "docs/INTERNAL_AUTH_GUIDE.md",
        "hashed_secret": "bfdccdfca74cc12f51683cf8551363571021d900",
        "is_verified": false,
        "line_number": 182
      },
      {
        "type": "Secret Keyword",
        "filename": "docs/INTERNAL_AUTH_GUIDE.md",
        "hashed_secret": "9da133c45f71d2bb9d5eb7cfa6fce7cdb6a215b5",
        "is_verified": false,
        "line_number": 245
      },
      {
        "type": "Secret Keyword",
        "filename": "docs/INTERNAL_AUTH_GUIDE.md",
        "hashed_secret": "29b8dca3de5ff27bcf8bd3b622adf9970f29381c",
        "is_verified": false,
        "line_number": 630
      },
      {
        "type": "Basic Auth Credentials",
        "filename": "docs/INTERNAL_AUTH_GUIDE.md",
        "hashed_secret": "9d4e1e23bd5b727046a9e3b4b7db57bd8d6ee684",
        "is_verified": false,
        "line_number": 633
      },
      {
        "type": "Secret Keyword",
        "filename": "docs/INTERNAL_AUTH_GUIDE.md",
        "hashed_secret": "20b05c695ef1f14caa80ab1ce617d503ba9de093",
        "is_verified": false,
        "line_number": 770
      }
    ],
    "docs/MCP_AUTH_IMPLEMENTATION_PLAN.md": [
      {
        "type": "Base64 High Entropy String",
        "filename": "docs/MCP_AUTH_IMPLEMENTATION_PLAN.md",
        "hashed_secret": "e38670be8612f3c6214bacd1ae73e9ec294ea40e",
        "is_verified": false,
        "line_number": 1116
      }
    ],
    "docs/MULTI_PROVIDER_AUTH_ARCHITECTURE.md": [
      {
        "type": "Secret Keyword",
        "filename": "docs/MULTI_PROVIDER_AUTH_ARCHITECTURE.md",
        "hashed_secret": "1340ea841697ca2b8da30063457ad1b46ef90623",
        "is_verified": false,
        "line_number": 494
      },
      {
        "type": "Basic Auth Credentials",
        "filename": "docs/MULTI_PROVIDER_AUTH_ARCHITECTURE.md",
        "hashed_secret": "9d4e1e23bd5b727046a9e3b4b7db57bd8d6ee684",
        "is_verified": false,
        "line_number": 588
      },
      {
        "type": "Secret Keyword",
        "filename": "docs/MULTI_PROVIDER_AUTH_ARCHITECTURE.md",
        "hashed_secret": "33f220dd67f717cc949db63e21c90e130a6137da",
        "is_verified": false,
        "line_number": 591
      }
    ],
    "docs/OAUTH_SUCCESS_SUMMARY.md": [
      {
        "type": "Basic Auth Credentials",
        "filename": "docs/OAUTH_SUCCESS_SUMMARY.md",
        "hashed_secret": "6f0dd13768219c295ff4a720dd01af317c24f9d1",
        "is_verified": false,
        "line_number": 133
      }
    ],
    "docs/PODMAN_DEPLOYMENT.md": [
      {
        "type": "Basic Auth Credentials",
        "filename": "docs/PODMAN_DEPLOYMENT.md",
        "hashed_secret": "114bcddcbcabcb657cda3c015e43b18ab056cc4a",
        "is_verified": false,
        "line_number": 104
      }
    ],
    "docs/POSTGRESQL_CUTOVER_COMPLETE.md": [
      {
        "type": "Basic Auth Credentials",
        "filename": "docs/POSTGRESQL_CUTOVER_COMPLETE.md",
        "hashed_secret": "09c691724936606b6aacba7398178aacb6a3a2fb",
        "is_verified": false,
        "line_number": 172
      },
      {
        "type": "Basic Auth Credentials",
        "filename": "docs/POSTGRESQL_CUTOVER_COMPLETE.md",
        "hashed_secret": "ddb3efc3ca940029d8930568e07a3c67691c0d70",
        "is_verified": false,
        "line_number": 175
      },
      {
        "type": "Basic Auth Credentials",
        "filename": "docs/POSTGRESQL_CUTOVER_COMPLETE.md",
        "hashed_secret": "826160621e7fd1213c51c21627016177be303e27",
        "is_verified": false,
        "line_number": 178
      }
    ],
    "docs/POSTGRESQL_CUTOVER_SUMMARY.md": [
      {
        "type": "Basic Auth Credentials",
        "filename": "docs/POSTGRESQL_CUTOVER_SUMMARY.md",
        "hashed_secret": "09c691724936606b6aacba7398178aacb6a3a2fb",
        "is_verified": false,
        "line_number": 35
      },
      {
        "type": "Basic Auth Credentials",
        "filename": "docs/POSTGRESQL_CUTOVER_SUMMARY.md",
        "hashed_secret": "ddb3efc3ca940029d8930568e07a3c67691c0d70",
        "is_verified": false,
        "line_number": 36
      },
      {
        "type": "Basic Auth Credentials",
        "filename": "docs/POSTGRESQL_CUTOVER_SUMMARY.md",
        "hashed_secret": "826160621e7fd1213c51c21627016177be303e27",
        "is_verified": false,
        "line_number": 37
      }
    ],
    "docs/POSTGRESQL_MIGRATION_PLAYBOOK.md": [
      {
        "type": "Basic Auth Credentials",
        "filename": "docs/POSTGRESQL_MIGRATION_PLAYBOOK.md",
        "hashed_secret": "826160621e7fd1213c51c21627016177be303e27",
        "is_verified": false,
        "line_number": 113
      },
      {
        "type": "Basic Auth Credentials",
        "filename": "docs/POSTGRESQL_MIGRATION_PLAYBOOK.md",
        "hashed_secret": "ad949f15c0a3606f40184bb39772163e8a32cc53",
        "is_verified": false,
        "line_number": 114
      },
      {
        "type": "Basic Auth Credentials",
        "filename": "docs/POSTGRESQL_MIGRATION_PLAYBOOK.md",
        "hashed_secret": "09c691724936606b6aacba7398178aacb6a3a2fb",
        "is_verified": false,
        "line_number": 115
      },
      {
        "type": "Basic Auth Credentials",
        "filename": "docs/POSTGRESQL_MIGRATION_PLAYBOOK.md",
        "hashed_secret": "ddb3efc3ca940029d8930568e07a3c67691c0d70",
        "is_verified": false,
        "line_number": 116
      },
      {
        "type": "Basic Auth Credentials",
        "filename": "docs/POSTGRESQL_MIGRATION_PLAYBOOK.md",
        "hashed_secret": "b7d520ae4382fe7bd33c6b81fdab5e2421b48199",
        "is_verified": false,
        "line_number": 117
      },
      {
        "type": "Basic Auth Credentials",
        "filename": "docs/POSTGRESQL_MIGRATION_PLAYBOOK.md",
        "hashed_secret": "5baa61e4c9b93f3f0682250b6cf8331b7ee68fd8",
        "is_verified": false,
        "line_number": 671
      },
      {
        "type": "Basic Auth Credentials",
        "filename": "docs/POSTGRESQL_MIGRATION_PLAYBOOK.md",
        "hashed_secret": "9d4e1e23bd5b727046a9e3b4b7db57bd8d6ee684",
        "is_verified": false,
        "line_number": 919
      }
    ],
    "docs/SERVICE_PARITY_AUDIT.md": [
      {
        "type": "Basic Auth Credentials",
        "filename": "docs/SERVICE_PARITY_AUDIT.md",
        "hashed_secret": "9d4e1e23bd5b727046a9e3b4b7db57bd8d6ee684",
        "is_verified": false,
        "line_number": 997
      }
    ],
    "docs/TESTING_GUIDE.md": [
      {
        "type": "Basic Auth Credentials",
        "filename": "docs/TESTING_GUIDE.md",
        "hashed_secret": "88584f55a703cd53ab0cb7be7cba95eb7b6cb8f1",
        "is_verified": false,
        "line_number": 252
      }
    ],
    "docs/WORK_STRUCTURE.md": [
      {
        "type": "Basic Auth Credentials",
        "filename": "docs/WORK_STRUCTURE.md",
        "hashed_secret": "9d4e1e23bd5b727046a9e3b4b7db57bd8d6ee684",
        "is_verified": false,
        "line_number": 595
      },
      {
        "type": "Basic Auth Credentials",
        "filename": "docs/WORK_STRUCTURE.md",
        "hashed_secret": "826160621e7fd1213c51c21627016177be303e27",
        "is_verified": false,
        "line_number": 1650
      }
    ],
    "docs/analytics/STREAMING_DASHBOARDS.md": [
      {
        "type": "Secret Keyword",
        "filename": "docs/analytics/STREAMING_DASHBOARDS.md",
        "hashed_secret": "64438ee426438161da88554b3e2de796b0ca265e",
        "is_verified": false,
        "line_number": 165
      },
      {
        "type": "Basic Auth Credentials",
        "filename": "docs/analytics/STREAMING_DASHBOARDS.md",
        "hashed_secret": "826160621e7fd1213c51c21627016177be303e27",
        "is_verified": false,
        "line_number": 248
      }
    ],
    "docs/analytics/TIMESCALEDB_METABASE_CONNECTION.md": [
      {
        "type": "Secret Keyword",
        "filename": "docs/analytics/TIMESCALEDB_METABASE_CONNECTION.md",
        "hashed_secret": "64438ee426438161da88554b3e2de796b0ca265e",
        "is_verified": false,
        "line_number": 28
      },
      {
        "type": "Secret Keyword",
        "filename": "docs/analytics/TIMESCALEDB_METABASE_CONNECTION.md",
        "hashed_secret": "bfa01b56367d9c452774171e566110d6949a37c2",
        "is_verified": false,
        "line_number": 239
      }
    ],
    "docs/analytics/metabase_setup.md": [
      {
        "type": "Secret Keyword",
        "filename": "docs/analytics/metabase_setup.md",
        "hashed_secret": "64438ee426438161da88554b3e2de796b0ca265e",
        "is_verified": false,
        "line_number": 109
      },
      {
        "type": "Secret Keyword",
        "filename": "docs/analytics/metabase_setup.md",
        "hashed_secret": "463d8353f4b927fd953e5af7c41084183e8ce5fb",
        "is_verified": false,
        "line_number": 315
      },
      {
        "type": "Secret Keyword",
        "filename": "docs/analytics/metabase_setup.md",
        "hashed_secret": "898d9272ed8e0a66ce05188ba17ce6ca8c1a8c1b",
        "is_verified": false,
        "line_number": 330
      },
      {
        "type": "Secret Keyword",
        "filename": "docs/analytics/metabase_setup.md",
        "hashed_secret": "95be69cb77928abc5fcf44543a555b0c0e3d35e1",
        "is_verified": false,
        "line_number": 336
      }
    ],
    "docs/archive/PRD_ALIGNMENT_LOG.md": [
      {
        "type": "Basic Auth Credentials",
        "filename": "docs/archive/PRD_ALIGNMENT_LOG.md",
        "hashed_secret": "09c691724936606b6aacba7398178aacb6a3a2fb",
        "is_verified": false,
        "line_number": 46
      },
      {
        "type": "Basic Auth Credentials",
        "filename": "docs/archive/PRD_ALIGNMENT_LOG.md",
        "hashed_secret": "a70724df200889af8d4754f298e4aa0cafaa061d",
        "is_verified": false,
        "line_number": 48
      },
      {
        "type": "Basic Auth Credentials",
        "filename": "docs/archive/PRD_ALIGNMENT_LOG.md",
        "hashed_secret": "ddb3efc3ca940029d8930568e07a3c67691c0d70",
        "is_verified": false,
        "line_number": 50
      }
    ],
    "docs/archive/PRD_NEXT_STEPS.md": [
      {
        "type": "Basic Auth Credentials",
        "filename": "docs/archive/PRD_NEXT_STEPS.md",
        "hashed_secret": "3d0216398969807f260cbace9a5df722c75e355e",
        "is_verified": false,
        "line_number": 85
      },
      {
        "type": "Basic Auth Credentials",
        "filename": "docs/archive/PRD_NEXT_STEPS.md",
        "hashed_secret": "a70724df200889af8d4754f298e4aa0cafaa061d",
        "is_verified": false,
        "line_number": 882
      }
    ],
    "docs/archive/deprecated_auth/identity_linking_service.py": [
      {
        "type": "Secret Keyword",
        "filename": "docs/archive/deprecated_auth/identity_linking_service.py",
        "hashed_secret": "359422b0004c01cd1d0fe00099f864616544ccb6",
        "is_verified": false,
        "line_number": 55
      },
      {
        "type": "Secret Keyword",
        "filename": "docs/archive/deprecated_auth/identity_linking_service.py",
        "hashed_secret": "733e599c015a52bec0ebdebcbfc314ba353e1180",
        "is_verified": false,
        "line_number": 58
      }
    ],
    "docs/archive/deprecated_auth/internal.py": [
      {
        "type": "Basic Auth Credentials",
        "filename": "docs/archive/deprecated_auth/internal.py",
        "hashed_secret": "a71e215da4c1da00da1408d7286ef5d0abd4f271",
        "is_verified": false,
        "line_number": 40
      }
    ],
    "docs/archive/deprecated_auth/test_internal_auth.py": [
      {
        "type": "Secret Keyword",
        "filename": "docs/archive/deprecated_auth/test_internal_auth.py",
        "hashed_secret": "363d246b52b8f93bf9b2ef0a1bfc651f37cd3d14",
        "is_verified": false,
        "line_number": 93
      },
      {
        "type": "Secret Keyword",
        "filename": "docs/archive/deprecated_auth/test_internal_auth.py",
        "hashed_secret": "5a0aee0f3af308cd6d74d617fde6592c2bc94fa3",
        "is_verified": false,
        "line_number": 115
      },
      {
        "type": "Secret Keyword",
        "filename": "docs/archive/deprecated_auth/test_internal_auth.py",
        "hashed_secret": "cbfdac6008f9cab4083784cbd1874f76618d2a97",
        "is_verified": false,
        "line_number": 334
      }
    ],
    "docs/archive/deprecated_auth/user_service.py": [
      {
        "type": "Basic Auth Credentials",
        "filename": "docs/archive/deprecated_auth/user_service.py",
        "hashed_secret": "a71e215da4c1da00da1408d7286ef5d0abd4f271",
        "is_verified": false,
        "line_number": 34
      }
    ],
    "docs/archive/deprecated_auth/user_service_postgres.py": [
      {
        "type": "Basic Auth Credentials",
        "filename": "docs/archive/deprecated_auth/user_service_postgres.py",
        "hashed_secret": "9d4e1e23bd5b727046a9e3b4b7db57bd8d6ee684",
        "is_verified": false,
        "line_number": 46
      }
    ],
    "guideai/_archive/behavior_service_sqlite_backup.py": [
      {
        "type": "Basic Auth Credentials",
        "filename": "guideai/_archive/behavior_service_sqlite_backup.py",
        "hashed_secret": "09c691724936606b6aacba7398178aacb6a3a2fb",
        "is_verified": false,
        "line_number": 16
      }
    ],
    "guideai/_archive/workflow_service_sqlite_backup.py": [
      {
        "type": "Basic Auth Credentials",
        "filename": "guideai/_archive/workflow_service_sqlite_backup.py",
        "hashed_secret": "ddb3efc3ca940029d8930568e07a3c67691c0d70",
        "is_verified": false,
        "line_number": 26
      }
    ],
    "guideai/action_capturability.py": [
      {
        "type": "Secret Keyword",
        "filename": "guideai/action_capturability.py",
        "hashed_secret": "6ed62b0ac79f15ec38f83be5e68bc649b709ac3a",
        "is_verified": false,
        "line_number": 28
      }
    ],
    "guideai/action_service_postgres.py": [
      {
        "type": "Basic Auth Credentials",
        "filename": "guideai/action_service_postgres.py",
        "hashed_secret": "9d4e1e23bd5b727046a9e3b4b7db57bd8d6ee684",
        "is_verified": false,
        "line_number": 53
      },
      {
        "type": "Basic Auth Credentials",
        "filename": "guideai/action_service_postgres.py",
        "hashed_secret": "a70724df200889af8d4754f298e4aa0cafaa061d",
        "is_verified": false,
        "line_number": 85
      }
    ],
    "guideai/agent_orchestrator_service_postgres.py": [
      {
        "type": "Basic Auth Credentials",
        "filename": "guideai/agent_orchestrator_service_postgres.py",
        "hashed_secret": "9d4e1e23bd5b727046a9e3b4b7db57bd8d6ee684",
        "is_verified": false,
        "line_number": 31
      }
    ],
    "guideai/agent_registry_service.py": [
      {
        "type": "Basic Auth Credentials",
        "filename": "guideai/agent_registry_service.py",
        "hashed_secret": "a8cb419d09ae95c50c301ba110557d2d3315f45a",
        "is_verified": false,
        "line_number": 68
      }
    ],
    "guideai/api.py": [
      {
        "type": "Secret Keyword",
        "filename": "guideai/api.py",
        "hashed_secret": "988e51ea1d2fda6da894480439e3223afe45ad80",
        "is_verified": false,
        "line_number": 2031
      },
      {
        "type": "Secret Keyword",
        "filename": "guideai/api.py",
        "hashed_secret": "0f74a48650be3d5f595fe71effc6105d1e21c896",
        "is_verified": false,
        "line_number": 2164
      },
      {
        "type": "Basic Auth Credentials",
        "filename": "guideai/api.py",
        "hashed_secret": "a8cb419d09ae95c50c301ba110557d2d3315f45a",
        "is_verified": false,
        "line_number": 6111
      }
    ],
    "guideai/api_rate_limiting_contracts.py": [
      {
        "type": "Secret Keyword",
        "filename": "guideai/api_rate_limiting_contracts.py",
        "hashed_secret": "665b1e3851eefefa3fb878654292f16597d25155",
        "is_verified": false,
        "line_number": 24
      }
    ],
    "guideai/auth/consent_service.py": [
      {
        "type": "Base64 High Entropy String",
        "filename": "guideai/auth/consent_service.py",
        "hashed_secret": "da66c217a5264df2a5431563f80895510a327834",
        "is_verified": false,
        "line_number": 102
      }
    ],
    "guideai/auth/github_app_installation_repository.py": [
      {
        "type": "Basic Auth Credentials",
        "filename": "guideai/auth/github_app_installation_repository.py",
        "hashed_secret": "a8cb419d09ae95c50c301ba110557d2d3315f45a",
        "is_verified": false,
        "line_number": 30
      }
    ],
    "guideai/auth/github_app_service.py": [
      {
        "type": "Basic Auth Credentials",
        "filename": "guideai/auth/github_app_service.py",
        "hashed_secret": "a8cb419d09ae95c50c301ba110557d2d3315f45a",
        "is_verified": false,
        "line_number": 46
      }
    ],
    "guideai/auth/service_principal_service.py": [
      {
        "type": "Basic Auth Credentials",
        "filename": "guideai/auth/service_principal_service.py",
        "hashed_secret": "a8cb419d09ae95c50c301ba110557d2d3315f45a",
        "is_verified": false,
        "line_number": 22
      }
    ],
    "guideai/auth/token_vault.py": [
      {
        "type": "Secret Keyword",
        "filename": "guideai/auth/token_vault.py",
        "hashed_secret": "665b1e3851eefefa3fb878654292f16597d25155",
        "is_verified": false,
        "line_number": 47
      }
    ],
    "guideai/behavior_service.py": [
      {
        "type": "Basic Auth Credentials",
        "filename": "guideai/behavior_service.py",
        "hashed_secret": "09c691724936606b6aacba7398178aacb6a3a2fb",
        "is_verified": false,
        "line_number": 28
      }
    ],
    "guideai/cli.py": [
      {
        "type": "Basic Auth Credentials",
        "filename": "guideai/cli.py",
        "hashed_secret": "a8cb419d09ae95c50c301ba110557d2d3315f45a",
        "is_verified": false,
        "line_number": 11902
      }
    ],
    "guideai/collaboration_service_postgres.py": [
      {
        "type": "Basic Auth Credentials",
        "filename": "guideai/collaboration_service_postgres.py",
        "hashed_secret": "9d4e1e23bd5b727046a9e3b4b7db57bd8d6ee684",
        "is_verified": false,
        "line_number": 15
      }
    ],
    "guideai/compliance_service.py": [
      {
        "type": "Basic Auth Credentials",
        "filename": "guideai/compliance_service.py",
        "hashed_secret": "57bf20f61140ff4580451d96bda84734149ccc8f",
        "is_verified": false,
        "line_number": 372
      }
    ],
    "guideai/config/schema.py": [
      {
        "type": "Basic Auth Credentials",
        "filename": "guideai/config/schema.py",
        "hashed_secret": "a8cb419d09ae95c50c301ba110557d2d3315f45a",
        "is_verified": false,
        "line_number": 77
      },
      {
        "type": "Basic Auth Credentials",
        "filename": "guideai/config/schema.py",
        "hashed_secret": "bef500f3618257cc9d890caa49bec7b8425e5d83",
        "is_verified": false,
        "line_number": 78
      }
    ],
    "guideai/config/settings.py": [
      {
        "type": "Basic Auth Credentials",
        "filename": "guideai/config/settings.py",
        "hashed_secret": "a8cb419d09ae95c50c301ba110557d2d3315f45a",
        "is_verified": false,
        "line_number": 67
      }
    ],
    "guideai/context.py": [
      {
        "type": "Basic Auth Credentials",
        "filename": "guideai/context.py",
        "hashed_secret": "9d4e1e23bd5b727046a9e3b4b7db57bd8d6ee684",
        "is_verified": false,
        "line_number": 25
      }
    ],
    "guideai/knowledge_pack/activation_service.py": [
      {
        "type": "Basic Auth Credentials",
        "filename": "guideai/knowledge_pack/activation_service.py",
        "hashed_secret": "a8cb419d09ae95c50c301ba110557d2d3315f45a",
        "is_verified": false,
        "line_number": 22
      }
    ],
    "guideai/knowledge_pack/source_registry.py": [
      {
        "type": "Basic Auth Credentials",
        "filename": "guideai/knowledge_pack/source_registry.py",
        "hashed_secret": "a8cb419d09ae95c50c301ba110557d2d3315f45a",
        "is_verified": false,
        "line_number": 26
      }
    ],
    "guideai/mcp_server.py": [
      {
        "type": "Basic Auth Credentials",
        "filename": "guideai/mcp_server.py",
        "hashed_secret": "a8cb419d09ae95c50c301ba110557d2d3315f45a",
        "is_verified": false,
        "line_number": 657
      }
    ],
    "guideai/mcp_tool_manifests/auth.clientCredentials.json": [
      {
        "type": "Secret Keyword",
        "filename": "guideai/mcp_tool_manifests/auth.clientCredentials.json",
        "hashed_secret": "85c08fb0ff6bae7e56652ee15d4f049d67605dbd",
        "is_verified": false,
        "line_number": 112
      }
    ],
    "guideai/reflection_service_postgres.py": [
      {
        "type": "Basic Auth Credentials",
        "filename": "guideai/reflection_service_postgres.py",
        "hashed_secret": "9d4e1e23bd5b727046a9e3b4b7db57bd8d6ee684",
        "is_verified": false,
        "line_number": 15
      }
    ],
    "guideai/run_service_postgres.py": [
      {
        "type": "Basic Auth Credentials",
        "filename": "guideai/run_service_postgres.py",
        "hashed_secret": "9d4e1e23bd5b727046a9e3b4b7db57bd8d6ee684",
        "is_verified": false,
        "line_number": 47
      }
    ],
    "guideai/services/assignment_service.py": [
      {
        "type": "Basic Auth Credentials",
        "filename": "guideai/services/assignment_service.py",
        "hashed_secret": "a8cb419d09ae95c50c301ba110557d2d3315f45a",
        "is_verified": false,
        "line_number": 28
      }
    ],
    "guideai/services/board_service.py": [
      {
        "type": "Basic Auth Credentials",
        "filename": "guideai/services/board_service.py",
        "hashed_secret": "a8cb419d09ae95c50c301ba110557d2d3315f45a",
        "is_verified": false,
        "line_number": 72
      }
    ],
    "guideai/services/board_service_backup.py": [
      {
        "type": "Basic Auth Credentials",
        "filename": "guideai/services/board_service_backup.py",
        "hashed_secret": "a8cb419d09ae95c50c301ba110557d2d3315f45a",
        "is_verified": false,
        "line_number": 91
      }
    ],
    "guideai/storage/postgres_telemetry.py": [
      {
        "type": "Basic Auth Credentials",
        "filename": "guideai/storage/postgres_telemetry.py",
        "hashed_secret": "5baa61e4c9b93f3f0682250b6cf8331b7ee68fd8",
        "is_verified": false,
        "line_number": 72
      }
    ],
    "guideai/task_cycle_service.py": [
      {
        "type": "Basic Auth Credentials",
        "filename": "guideai/task_cycle_service.py",
        "hashed_secret": "a8cb419d09ae95c50c301ba110557d2d3315f45a",
        "is_verified": false,
        "line_number": 68
      }
    ],
    "guideai/work_item_execution_service.py": [
      {
        "type": "Basic Auth Credentials",
        "filename": "guideai/work_item_execution_service.py",
        "hashed_secret": "a8cb419d09ae95c50c301ba110557d2d3315f45a",
        "is_verified": false,
        "line_number": 91
      }
    ],
    "guideai/workflow_service.py": [
      {
        "type": "Basic Auth Credentials",
        "filename": "guideai/workflow_service.py",
        "hashed_secret": "ddb3efc3ca940029d8930568e07a3c67691c0d70",
        "is_verified": false,
        "line_number": 29
      }
    ],
    "infra/docker-compose.postgres.yml": [
      {
        "type": "Secret Keyword",
        "filename": "infra/docker-compose.postgres.yml",
        "hashed_secret": "826160621e7fd1213c51c21627016177be303e27",
        "is_verified": false,
        "line_number": 20
      },
      {
        "type": "Secret Keyword",
        "filename": "infra/docker-compose.postgres.yml",
        "hashed_secret": "09c691724936606b6aacba7398178aacb6a3a2fb",
        "is_verified": false,
        "line_number": 58
      },
      {
        "type": "Secret Keyword",
        "filename": "infra/docker-compose.postgres.yml",
        "hashed_secret": "ddb3efc3ca940029d8930568e07a3c67691c0d70",
        "is_verified": false,
        "line_number": 93
      },
      {
        "type": "Secret Keyword",
        "filename": "infra/docker-compose.postgres.yml",
        "hashed_secret": "a70724df200889af8d4754f298e4aa0cafaa061d",
        "is_verified": false,
        "line_number": 127
      },
      {
        "type": "Secret Keyword",
        "filename": "infra/docker-compose.postgres.yml",
        "hashed_secret": "d033e22ae348aeb5660fc2140aec35850c4da997",
        "is_verified": false,
        "line_number": 296
      },
      {
        "type": "Secret Keyword",
        "filename": "infra/docker-compose.postgres.yml",
        "hashed_secret": "97cdbdc7feff827efb082a6b6dd2727237cd49fd",
        "is_verified": false,
        "line_number": 298
      }
    ],
    "infra/docker-compose.test.yml": [
      {
        "type": "Secret Keyword",
        "filename": "infra/docker-compose.test.yml",
        "hashed_secret": "eebd8c369bc9a910460a1c7e8d185dfc96ae44eb",
        "is_verified": false,
        "line_number": 18
      },
      {
        "type": "Secret Keyword",
        "filename": "infra/docker-compose.test.yml",
        "hashed_secret": "8a5132dd8b62ab1390753a75bb07111b55330832",
        "is_verified": false,
        "line_number": 45
      },
      {
        "type": "Secret Keyword",
        "filename": "infra/docker-compose.test.yml",
        "hashed_secret": "20dd1d02fe1c020c52480a920e0428bafe0ffdb3",
        "is_verified": false,
        "line_number": 72
      },
      {
        "type": "Secret Keyword",
        "filename": "infra/docker-compose.test.yml",
        "hashed_secret": "352e095fc434eb3f3836268ad0e96d7134eca72d",
        "is_verified": false,
        "line_number": 99
      },
      {
        "type": "Secret Keyword",
        "filename": "infra/docker-compose.test.yml",
        "hashed_secret": "6f0dd13768219c295ff4a720dd01af317c24f9d1",
        "is_verified": false,
        "line_number": 126
      },
      {
        "type": "Secret Keyword",
        "filename": "infra/docker-compose.test.yml",
        "hashed_secret": "88584f55a703cd53ab0cb7be7cba95eb7b6cb8f1",
        "is_verified": false,
        "line_number": 157
      },
      {
        "type": "Secret Keyword",
        "filename": "infra/docker-compose.test.yml",
        "hashed_secret": "3d0216398969807f260cbace9a5df722c75e355e",
        "is_verified": false,
        "line_number": 184
      },
      {
        "type": "Secret Keyword",
        "filename": "infra/docker-compose.test.yml",
        "hashed_secret": "3ad457e0de7c3a998b7693c86ad7c51e6b5ff488",
        "is_verified": false,
        "line_number": 215
      }
    ],
    "mcp/tools/auth.clientCredentials.json": [
      {
        "type": "Secret Keyword",
        "filename": "mcp/tools/auth.clientCredentials.json",
        "hashed_secret": "85c08fb0ff6bae7e56652ee15d4f049d67605dbd",
        "is_verified": false,
        "line_number": 112
      }
    ],
    "migrations/env.py": [
      {
        "type": "Basic Auth Credentials",
        "filename": "migrations/env.py",
        "hashed_secret": "a70724df200889af8d4754f298e4aa0cafaa061d",
        "is_verified": false,
        "line_number": 42
      }
    ],
    "migrations/versions/20260115_0431_merge_github_app_with_byok.py": [
      {
        "type": "Hex High Entropy String",
        "filename": "migrations/versions/20260115_0431_merge_github_app_with_byok.py",
        "hashed_secret": "89ccfeee1ab059a18bf6daed4ac3e7aa8a6a2997",
        "is_verified": false,
        "line_number": 18
      }
    ],
    "packages/amprealize/examples/environments.yaml.example": [
      {
        "type": "Secret Keyword",
        "filename": "packages/amprealize/examples/environments.yaml.example",
        "hashed_secret": "21672328ab5c939c8a4324d118b264d9f34b0439",
        "is_verified": false,
        "line_number": 77
      },
      {
        "type": "Secret Keyword",
        "filename": "packages/amprealize/examples/environments.yaml.example",
        "hashed_secret": "9fb7fe1217aed442b04c0f5e43b5d5a7d3287097",
        "is_verified": false,
        "line_number": 121
      }
    ],
    "packages/amprealize/src/amprealize/blueprints/ci-test-stack.yaml": [
      {
        "type": "Secret Keyword",
        "filename": "packages/amprealize/src/amprealize/blueprints/ci-test-stack.yaml",
        "hashed_secret": "eebd8c369bc9a910460a1c7e8d185dfc96ae44eb",
        "is_verified": false,
        "line_number": 10
      },
      {
        "type": "Secret Keyword",
        "filename": "packages/amprealize/src/amprealize/blueprints/ci-test-stack.yaml",
        "hashed_secret": "8a5132dd8b62ab1390753a75bb07111b55330832",
        "is_verified": false,
        "line_number": 26
      },
      {
        "type": "Secret Keyword",
        "filename": "packages/amprealize/src/amprealize/blueprints/ci-test-stack.yaml",
        "hashed_secret": "20dd1d02fe1c020c52480a920e0428bafe0ffdb3",
        "is_verified": false,
        "line_number": 42
      },
      {
        "type": "Secret Keyword",
        "filename": "packages/amprealize/src/amprealize/blueprints/ci-test-stack.yaml",
        "hashed_secret": "352e095fc434eb3f3836268ad0e96d7134eca72d",
        "is_verified": false,
        "line_number": 58
      },
      {
        "type": "Secret Keyword",
        "filename": "packages/amprealize/src/amprealize/blueprints/ci-test-stack.yaml",
        "hashed_secret": "6f0dd13768219c295ff4a720dd01af317c24f9d1",
        "is_verified": false,
        "line_number": 74
      },
      {
        "type": "Secret Keyword",
        "filename": "packages/amprealize/src/amprealize/blueprints/ci-test-stack.yaml",
        "hashed_secret": "88584f55a703cd53ab0cb7be7cba95eb7b6cb8f1",
        "is_verified": false,
        "line_number": 90
      },
      {
        "type": "Secret Keyword",
        "filename": "packages/amprealize/src/amprealize/blueprints/ci-test-stack.yaml",
        "hashed_secret": "3d0216398969807f260cbace9a5df722c75e355e",
        "is_verified": false,
        "line_number": 106
      },
      {
        "type": "Secret Keyword",
        "filename": "packages/amprealize/src/amprealize/blueprints/ci-test-stack.yaml",
        "hashed_secret": "3ad457e0de7c3a998b7693c86ad7c51e6b5ff488",
        "is_verified": false,
        "line_number": 122
      }
    ],
    "packages/amprealize/src/amprealize/blueprints/core-data-plane.yaml": [
      {
        "type": "Secret Keyword",
        "filename": "packages/amprealize/src/amprealize/blueprints/core-data-plane.yaml",
        "hashed_secret": "826160621e7fd1213c51c21627016177be303e27",
        "is_verified": false,
        "line_number": 11
      },
      {
        "type": "Secret Keyword",
        "filename": "packages/amprealize/src/amprealize/blueprints/core-data-plane.yaml",
        "hashed_secret": "09c691724936606b6aacba7398178aacb6a3a2fb",
        "is_verified": false,
        "line_number": 35
      },
      {
        "type": "Secret Keyword",
        "filename": "packages/amprealize/src/amprealize/blueprints/core-data-plane.yaml",
        "hashed_secret": "ddb3efc3ca940029d8930568e07a3c67691c0d70",
        "is_verified": false,
        "line_number": 57
      },
      {
        "type": "Secret Keyword",
        "filename": "packages/amprealize/src/amprealize/blueprints/core-data-plane.yaml",
        "hashed_secret": "203ff1ab9867f6e5e8cd4715186cf20ac56970ee",
        "is_verified": false,
        "line_number": 79
      },
      {
        "type": "Secret Keyword",
        "filename": "packages/amprealize/src/amprealize/blueprints/core-data-plane.yaml",
        "hashed_secret": "2e1ecee25c48d984728f5ae27968b6fcf036b9b5",
        "is_verified": false,
        "line_number": 101
      },
      {
        "type": "Secret Keyword",
        "filename": "packages/amprealize/src/amprealize/blueprints/core-data-plane.yaml",
        "hashed_secret": "57bf20f61140ff4580451d96bda84734149ccc8f",
        "is_verified": false,
        "line_number": 123
      },
      {
        "type": "Secret Keyword",
        "filename": "packages/amprealize/src/amprealize/blueprints/core-data-plane.yaml",
        "hashed_secret": "21ff345c72e992a103f5d91868e6987690c72bb1",
        "is_verified": false,
        "line_number": 145
      },
      {
        "type": "Basic Auth Credentials",
        "filename": "packages/amprealize/src/amprealize/blueprints/core-data-plane.yaml",
        "hashed_secret": "a70724df200889af8d4754f298e4aa0cafaa061d",
        "is_verified": false,
        "line_number": 179
      },
      {
        "type": "Secret Keyword",
        "filename": "packages/amprealize/src/amprealize/blueprints/core-data-plane.yaml",
        "hashed_secret": "a70724df200889af8d4754f298e4aa0cafaa061d",
        "is_verified": false,
        "line_number": 181
      },
      {
        "type": "Secret Keyword",
        "filename": "packages/amprealize/src/amprealize/blueprints/core-data-plane.yaml",
        "hashed_secret": "d033e22ae348aeb5660fc2140aec35850c4da997",
        "is_verified": false,
        "line_number": 196
      },
      {
        "type": "Secret Keyword",
        "filename": "packages/amprealize/src/amprealize/blueprints/core-data-plane.yaml",
        "hashed_secret": "97cdbdc7feff827efb082a6b6dd2727237cd49fd",
        "is_verified": false,
        "line_number": 198
      }
    ],
    "packages/amprealize/src/amprealize/blueprints/local-test-suite.yaml": [
      {
        "type": "Secret Keyword",
        "filename": "packages/amprealize/src/amprealize/blueprints/local-test-suite.yaml",
        "hashed_secret": "d033e22ae348aeb5660fc2140aec35850c4da997",
        "is_verified": false,
        "line_number": 463
      }
    ],
    "packages/amprealize/src/amprealize/blueprints/metrics-timescaledb.yaml": [
      {
        "type": "Secret Keyword",
        "filename": "packages/amprealize/src/amprealize/blueprints/metrics-timescaledb.yaml",
        "hashed_secret": "3d0216398969807f260cbace9a5df722c75e355e",
        "is_verified": false,
        "line_number": 11
      }
    ],
    "packages/amprealize/src/amprealize/blueprints/postgres.timescale.test.yaml": [
      {
        "type": "Secret Keyword",
        "filename": "packages/amprealize/src/amprealize/blueprints/postgres.timescale.test.yaml",
        "hashed_secret": "5baa61e4c9b93f3f0682250b6cf8331b7ee68fd8",
        "is_verified": false,
        "line_number": 9
      }
    ],
    "packages/amprealize/src/amprealize/blueprints/test-aware-stack.yaml": [
      {
        "type": "Basic Auth Credentials",
        "filename": "packages/amprealize/src/amprealize/blueprints/test-aware-stack.yaml",
        "hashed_secret": "afc848c316af1a89d49826c5ae9d00ed769415f3",
        "is_verified": false,
        "line_number": 195
      }
    ],
    "packages/amprealize/src/amprealize/executors/podman.py": [
      {
        "type": "Secret Keyword",
        "filename": "packages/amprealize/src/amprealize/executors/podman.py",
        "hashed_secret": "e5e9fa1ba31ecd1ae84f75caaa474f3a663f05f4",
        "is_verified": false,
        "line_number": 57
      }
    ],
    "packages/amprealize/src/amprealize/executors/podman.py.backup": [
      {
        "type": "Secret Keyword",
        "filename": "packages/amprealize/src/amprealize/executors/podman.py.backup",
        "hashed_secret": "e5e9fa1ba31ecd1ae84f75caaa474f3a663f05f4",
        "is_verified": false,
        "line_number": 55
      }
    ],
    "packages/amprealize/src/amprealize/models.py": [
      {
        "type": "Secret Keyword",
        "filename": "packages/amprealize/src/amprealize/models.py",
        "hashed_secret": "34c6fceca75e456f25e7e99531e2425c6c1de443",
        "is_verified": false,
        "line_number": 142
      }
    ],
    "packages/amprealize/tests/conftest.py": [
      {
        "type": "Secret Keyword",
        "filename": "packages/amprealize/tests/conftest.py",
        "hashed_secret": "206c80413b9a96c1312cc346b7d2517b84463edd",
        "is_verified": false,
        "line_number": 179
      }
    ],
    "packages/amprealize/tests/test_blueprints.py": [
      {
        "type": "Secret Keyword",
        "filename": "packages/amprealize/tests/test_blueprints.py",
        "hashed_secret": "e5e9fa1ba31ecd1ae84f75caaa474f3a663f05f4",
        "is_verified": false,
        "line_number": 167
      }
    ],
    "packages/amprealize/tests/test_executors.py": [
      {
        "type": "Secret Keyword",
        "filename": "packages/amprealize/tests/test_executors.py",
        "hashed_secret": "e5e9fa1ba31ecd1ae84f75caaa474f3a663f05f4",
        "is_verified": false,
        "line_number": 37
      }
    ],
    "packages/amprealize/tests/test_models.py": [
      {
        "type": "Secret Keyword",
        "filename": "packages/amprealize/tests/test_models.py",
        "hashed_secret": "e5e9fa1ba31ecd1ae84f75caaa474f3a663f05f4",
        "is_verified": false,
        "line_number": 44
      }
    ],
    "packages/billing/README.md": [
      {
        "type": "Secret Keyword",
        "filename": "packages/billing/README.md",
        "hashed_secret": "9d1a8d8480340f9fbc3e556ab08a6a54b68ca09d",
        "is_verified": false,
        "line_number": 133
      }
    ],
    "packages/billing/src/billing/__init__.py": [
      {
        "type": "Secret Keyword",
        "filename": "packages/billing/src/billing/__init__.py",
        "hashed_secret": "524d309532abbd1e40d87fb6eeab0e187afa9764",
        "is_verified": false,
        "line_number": 37
      },
      {
        "type": "Secret Keyword",
        "filename": "packages/billing/src/billing/__init__.py",
        "hashed_secret": "d6949396727adbec13d141b52cbd1efee66c32c4",
        "is_verified": false,
        "line_number": 38
      }
    ],
    "packages/billing/src/billing/providers/stripe.py": [
      {
        "type": "Secret Keyword",
        "filename": "packages/billing/src/billing/providers/stripe.py",
        "hashed_secret": "524d309532abbd1e40d87fb6eeab0e187afa9764",
        "is_verified": false,
        "line_number": 16
      },
      {
        "type": "Secret Keyword",
        "filename": "packages/billing/src/billing/providers/stripe.py",
        "hashed_secret": "d6949396727adbec13d141b52cbd1efee66c32c4",
        "is_verified": false,
        "line_number": 17
      }
    ],
    "packages/billing/src/billing/webhooks.py": [
      {
        "type": "Secret Keyword",
        "filename": "packages/billing/src/billing/webhooks.py",
        "hashed_secret": "81f344a7686a80b4c5293e8fdc0b0160c82c06a8",
        "is_verified": false,
        "line_number": 217
      }
    ],
    "packages/homebrew/guideai.rb": [
      {
        "type": "Hex High Entropy String",
        "filename": "packages/homebrew/guideai.rb",
        "hashed_secret": "23596bda9f3a887ad44d746c92ddf4ebf8272b6b",
        "is_verified": false,
        "line_number": 18
      },
      {
        "type": "Hex High Entropy String",
        "filename": "packages/homebrew/guideai.rb",
        "hashed_secret": "bfad112d05e1762fe2eae74be9283e71135b90b0",
        "is_verified": false,
        "line_number": 28
      },
      {
        "type": "Hex High Entropy String",
        "filename": "packages/homebrew/guideai.rb",
        "hashed_secret": "485112e32b55f1997de2da3cedb69c0661c51f0a",
        "is_verified": false,
        "line_number": 33
      },
      {
        "type": "Hex High Entropy String",
        "filename": "packages/homebrew/guideai.rb",
        "hashed_secret": "3f945acd7957f55b869169fad4b6ae6475a00140",
        "is_verified": false,
        "line_number": 38
      },
      {
        "type": "Hex High Entropy String",
        "filename": "packages/homebrew/guideai.rb",
        "hashed_secret": "2a5ab719529d93082320bffe257392f637b3cd51",
        "is_verified": false,
        "line_number": 43
      },
      {
        "type": "Hex High Entropy String",
        "filename": "packages/homebrew/guideai.rb",
        "hashed_secret": "8c7e37c897b6b4e1239d7ef0489087d863980378",
        "is_verified": false,
        "line_number": 48
      }
    ],
    "packages/notify/README.md": [
      {
        "type": "Secret Keyword",
        "filename": "packages/notify/README.md",
        "hashed_secret": "9d4e1e23bd5b727046a9e3b4b7db57bd8d6ee684",
        "is_verified": false,
        "line_number": 47
      }
    ],
    "packages/notify/tests/test_providers.py": [
      {
        "type": "Secret Keyword",
        "filename": "packages/notify/tests/test_providers.py",
        "hashed_secret": "5baa61e4c9b93f3f0682250b6cf8331b7ee68fd8",
        "is_verified": false,
        "line_number": 162
      },
      {
        "type": "Secret Keyword",
        "filename": "packages/notify/tests/test_providers.py",
        "hashed_secret": "69d926167aa2ba9f9f9182388c8e575d57ba0aa0",
        "is_verified": false,
        "line_number": 172
      }
    ],
    "packages/raze/README.md": [
      {
        "type": "Basic Auth Credentials",
        "filename": "packages/raze/README.md",
        "hashed_secret": "9d4e1e23bd5b727046a9e3b4b7db57bd8d6ee684",
        "is_verified": false,
        "line_number": 63
      }
    ],
    "packages/raze/src/raze/sinks/timescale.py": [
      {
        "type": "Basic Auth Credentials",
        "filename": "packages/raze/src/raze/sinks/timescale.py",
        "hashed_secret": "9d4e1e23bd5b727046a9e3b4b7db57bd8d6ee684",
        "is_verified": false,
        "line_number": 38
      }
    ],
    "scripts/create_metabase_dashboards.py": [
      {
        "type": "Secret Keyword",
        "filename": "scripts/create_metabase_dashboards.py",
        "hashed_secret": "45d676e7c6ab44cf4b8fa366ef2d8fccd3e6d6e6",
        "is_verified": false,
        "line_number": 862
      }
    ],
    "scripts/metabase_nuclear_cleanup.py": [
      {
        "type": "Secret Keyword",
        "filename": "scripts/metabase_nuclear_cleanup.py",
        "hashed_secret": "45d676e7c6ab44cf4b8fa366ef2d8fccd3e6d6e6",
        "is_verified": false,
        "line_number": 19
      }
    ],
    "scripts/migrate_behavior_sqlite_to_postgres.py": [
      {
        "type": "Basic Auth Credentials",
        "filename": "scripts/migrate_behavior_sqlite_to_postgres.py",
        "hashed_secret": "9d4e1e23bd5b727046a9e3b4b7db57bd8d6ee684",
        "is_verified": false,
        "line_number": 15
      }
    ],
    "scripts/migrate_gws_titles.py": [
      {
        "type": "Basic Auth Credentials",
        "filename": "scripts/migrate_gws_titles.py",
        "hashed_secret": "9d4e1e23bd5b727046a9e3b4b7db57bd8d6ee684",
        "is_verified": false,
        "line_number": 12
      }
    ],
    "scripts/migrate_telemetry_duckdb_to_postgres.py": [
      {
        "type": "Basic Auth Credentials",
        "filename": "scripts/migrate_telemetry_duckdb_to_postgres.py",
        "hashed_secret": "826160621e7fd1213c51c21627016177be303e27",
        "is_verified": false,
        "line_number": 13
      }
    ],
    "scripts/migrate_workflow_sqlite_to_postgres.py": [
      {
        "type": "Basic Auth Credentials",
        "filename": "scripts/migrate_workflow_sqlite_to_postgres.py",
        "hashed_secret": "9d4e1e23bd5b727046a9e3b4b7db57bd8d6ee684",
        "is_verified": false,
        "line_number": 14
      }
    ],
    "scripts/populate_embeddings.py": [
      {
        "type": "Basic Auth Credentials",
        "filename": "scripts/populate_embeddings.py",
        "hashed_secret": "09c691724936606b6aacba7398178aacb6a3a2fb",
        "is_verified": false,
        "line_number": 42
      }
    ],
    "scripts/recreate_boards.py": [
      {
        "type": "Basic Auth Credentials",
        "filename": "scripts/recreate_boards.py",
        "hashed_secret": "a8cb419d09ae95c50c301ba110557d2d3315f45a",
        "is_verified": false,
        "line_number": 9
      }
    ],
    "scripts/run_agent_execution.py": [
      {
        "type": "Basic Auth Credentials",
        "filename": "scripts/run_agent_execution.py",
        "hashed_secret": "a8cb419d09ae95c50c301ba110557d2d3315f45a",
        "is_verified": false,
        "line_number": 29
      },
      {
        "type": "Base64 High Entropy String",
        "filename": "scripts/run_agent_execution.py",
        "hashed_secret": "0336bcaa8da5c39209de318bc3b06ed25662e13e",
        "is_verified": false,
        "line_number": 33
      }
    ],
    "scripts/run_postgres_action_migration.py": [
      {
        "type": "Basic Auth Credentials",
        "filename": "scripts/run_postgres_action_migration.py",
        "hashed_secret": "a70724df200889af8d4754f298e4aa0cafaa061d",
        "is_verified": false,
        "line_number": 9
      }
    ],
    "scripts/run_postgres_agent_orchestrator_migration.py": [
      {
        "type": "Basic Auth Credentials",
        "filename": "scripts/run_postgres_agent_orchestrator_migration.py",
        "hashed_secret": "a70724df200889af8d4754f298e4aa0cafaa061d",
        "is_verified": false,
        "line_number": 42
      }
    ],
    "scripts/run_postgres_auth_migration.py": [
      {
        "type": "Basic Auth Credentials",
        "filename": "scripts/run_postgres_auth_migration.py",
        "hashed_secret": "a71e215da4c1da00da1408d7286ef5d0abd4f271",
        "is_verified": false,
        "line_number": 9
      }
    ],
    "scripts/run_postgres_behavior_migration.py": [
      {
        "type": "Basic Auth Credentials",
        "filename": "scripts/run_postgres_behavior_migration.py",
        "hashed_secret": "9d4e1e23bd5b727046a9e3b4b7db57bd8d6ee684",
        "is_verified": false,
        "line_number": 11
      }
    ],
    "scripts/run_postgres_compliance_migration.py": [
      {
        "type": "Basic Auth Credentials",
        "filename": "scripts/run_postgres_compliance_migration.py",
        "hashed_secret": "5baa61e4c9b93f3f0682250b6cf8331b7ee68fd8",
        "is_verified": false,
        "line_number": 43
      }
    ],
    "scripts/run_postgres_metrics_migration.py": [
      {
        "type": "Basic Auth Credentials",
        "filename": "scripts/run_postgres_metrics_migration.py",
        "hashed_secret": "9d4e1e23bd5b727046a9e3b4b7db57bd8d6ee684",
        "is_verified": false,
        "line_number": 12
      }
    ],
    "scripts/run_postgres_migration_rehearsal.py": [
      {
        "type": "Basic Auth Credentials",
        "filename": "scripts/run_postgres_migration_rehearsal.py",
        "hashed_secret": "9d4e1e23bd5b727046a9e3b4b7db57bd8d6ee684",
        "is_verified": false,
        "line_number": 20
      }
    ],
    "scripts/run_postgres_run_migration.py": [
      {
        "type": "Basic Auth Credentials",
        "filename": "scripts/run_postgres_run_migration.py",
        "hashed_secret": "a70724df200889af8d4754f298e4aa0cafaa061d",
        "is_verified": false,
        "line_number": 9
      }
    ],
    "scripts/run_postgres_telemetry_migration.py": [
      {
        "type": "Basic Auth Credentials",
        "filename": "scripts/run_postgres_telemetry_migration.py",
        "hashed_secret": "9d4e1e23bd5b727046a9e3b4b7db57bd8d6ee684",
        "is_verified": false,
        "line_number": 13
      }
    ],
    "scripts/run_postgres_trace_migration.py": [
      {
        "type": "Basic Auth Credentials",
        "filename": "scripts/run_postgres_trace_migration.py",
        "hashed_secret": "9d4e1e23bd5b727046a9e3b4b7db57bd8d6ee684",
        "is_verified": false,
        "line_number": 12
      }
    ],
    "scripts/run_postgres_workflow_migration.py": [
      {
        "type": "Basic Auth Credentials",
        "filename": "scripts/run_postgres_workflow_migration.py",
        "hashed_secret": "9d4e1e23bd5b727046a9e3b4b7db57bd8d6ee684",
        "is_verified": false,
        "line_number": 11
      }
    ],
    "scripts/run_research_task.py": [
      {
        "type": "Basic Auth Credentials",
        "filename": "scripts/run_research_task.py",
        "hashed_secret": "a8cb419d09ae95c50c301ba110557d2d3315f45a",
        "is_verified": false,
        "line_number": 18
      },
      {
        "type": "Base64 High Entropy String",
        "filename": "scripts/run_research_task.py",
        "hashed_secret": "0336bcaa8da5c39209de318bc3b06ed25662e13e",
        "is_verified": false,
        "line_number": 22
      }
    ],
    "scripts/seed_test_behaviors.py": [
      {
        "type": "Basic Auth Credentials",
        "filename": "scripts/seed_test_behaviors.py",
        "hashed_secret": "09c691724936606b6aacba7398178aacb6a3a2fb",
        "is_verified": false,
        "line_number": 32
      }
    ],
    "scripts/seed_timescale_telemetry.py": [
      {
        "type": "Basic Auth Credentials",
        "filename": "scripts/seed_timescale_telemetry.py",
        "hashed_secret": "5baa61e4c9b93f3f0682250b6cf8331b7ee68fd8",
        "is_verified": false,
        "line_number": 245
      }
    ],
    "scripts/test_auto_approve.py": [
      {
        "type": "Basic Auth Credentials",
        "filename": "scripts/test_auto_approve.py",
        "hashed_secret": "a8cb419d09ae95c50c301ba110557d2d3315f45a",
        "is_verified": false,
        "line_number": 50
      }
    ],
    "scripts/test_devicepoll.py": [
      {
        "type": "Basic Auth Credentials",
        "filename": "scripts/test_devicepoll.py",
        "hashed_secret": "a8cb419d09ae95c50c301ba110557d2d3315f45a",
        "is_verified": false,
        "line_number": 63
      }
    ],
    "scripts/test_dual_write.py": [
      {
        "type": "Basic Auth Credentials",
        "filename": "scripts/test_dual_write.py",
        "hashed_secret": "09c691724936606b6aacba7398178aacb6a3a2fb",
        "is_verified": false,
        "line_number": 28
      }
    ],
    "scripts/test_phase2_validation.py": [
      {
        "type": "Basic Auth Credentials",
        "filename": "scripts/test_phase2_validation.py",
        "hashed_secret": "09c691724936606b6aacba7398178aacb6a3a2fb",
        "is_verified": false,
        "line_number": 86
      }
    ],
    "scripts/validate_gws_post_migration.py": [
      {
        "type": "Basic Auth Credentials",
        "filename": "scripts/validate_gws_post_migration.py",
        "hashed_secret": "a8cb419d09ae95c50c301ba110557d2d3315f45a",
        "is_verified": false,
        "line_number": 8
      }
    ],
    "scripts/validate_migration_009.py": [
      {
        "type": "Basic Auth Credentials",
        "filename": "scripts/validate_migration_009.py",
        "hashed_secret": "ddb3efc3ca940029d8930568e07a3c67691c0d70",
        "is_verified": false,
        "line_number": 14
      }
    ],
    "scripts/validate_semantic_performance.py": [
      {
        "type": "Basic Auth Credentials",
        "filename": "scripts/validate_semantic_performance.py",
        "hashed_secret": "09c691724936606b6aacba7398178aacb6a3a2fb",
        "is_verified": false,
        "line_number": 34
      }
    ],
    "tests/conftest.py": [
      {
        "type": "Basic Auth Credentials",
        "filename": "tests/conftest.py",
        "hashed_secret": "475e81e79c7880f9b5caa35bec50279c459ad2f9",
        "is_verified": false,
        "line_number": 503
      }
    ],
    "tests/integration/test_internal_auth_flow.py": [
      {
        "type": "Secret Keyword",
        "filename": "tests/integration/test_internal_auth_flow.py",
        "hashed_secret": "382caa7c44ee23ee25616f7e303af33c591efc3a",
        "is_verified": false,
        "line_number": 176
      },
      {
        "type": "Secret Keyword",
        "filename": "tests/integration/test_internal_auth_flow.py",
        "hashed_secret": "0b2df4dd3bb5909440a3b6930b5f7d1dce09a710",
        "is_verified": false,
        "line_number": 213
      },
      {
        "type": "Secret Keyword",
        "filename": "tests/integration/test_internal_auth_flow.py",
        "hashed_secret": "a0f4ea7d91495df92bbac2e2149dfb850fe81396",
        "is_verified": false,
        "line_number": 231
      },
      {
        "type": "Secret Keyword",
        "filename": "tests/integration/test_internal_auth_flow.py",
        "hashed_secret": "ea8714902e75070dcbd3022f2e0f632f666fa349",
        "is_verified": false,
        "line_number": 279
      },
      {
        "type": "Secret Keyword",
        "filename": "tests/integration/test_internal_auth_flow.py",
        "hashed_secret": "22ed390af6e1c972d871b9a52ec769a3e9fa7355",
        "is_verified": false,
        "line_number": 528
      }
    ],
    "tests/load/test_streaming_pipeline_load.py": [
      {
        "type": "Basic Auth Credentials",
        "filename": "tests/load/test_streaming_pipeline_load.py",
        "hashed_secret": "9d4e1e23bd5b727046a9e3b4b7db57bd8d6ee684",
        "is_verified": false,
        "line_number": 18
      },
      {
        "type": "Basic Auth Credentials",
        "filename": "tests/load/test_streaming_pipeline_load.py",
        "hashed_secret": "88584f55a703cd53ab0cb7be7cba95eb7b6cb8f1",
        "is_verified": false,
        "line_number": 60
      }
    ],
    "tests/reproduce_issue_2.py": [
      {
        "type": "Secret Keyword",
        "filename": "tests/reproduce_issue_2.py",
        "hashed_secret": "1089adfb1f11b95df31344030507912b5abdf57a",
        "is_verified": false,
        "line_number": 8
      }
    ],
    "tests/test_amprealize_api.py": [
      {
        "type": "Basic Auth Credentials",
        "filename": "tests/test_amprealize_api.py",
        "hashed_secret": "a94a8fe5ccb19ba61c4c0873d391e987982fbbd3",
        "is_verified": false,
        "line_number": 13
      }
    ],
    "tests/test_backward_compat_migration.py": [
      {
        "type": "Basic Auth Credentials",
        "filename": "tests/test_backward_compat_migration.py",
        "hashed_secret": "1a91d62f7ca67399625a4368a6ab5d4a3baa6073",
        "is_verified": false,
        "line_number": 35
      }
    ],
    "tests/test_duckdb_migration.py": [
      {
        "type": "Basic Auth Credentials",
        "filename": "tests/test_duckdb_migration.py",
        "hashed_secret": "826160621e7fd1213c51c21627016177be303e27",
        "is_verified": false,
        "line_number": 20
      }
    ],
    "tests/test_execution_gateway.py": [
      {
        "type": "Secret Keyword",
        "filename": "tests/test_execution_gateway.py",
        "hashed_secret": "e9a5f12a8ecbb3eb46eca5096b5c52aa5e7c9fdd",
        "is_verified": false,
        "line_number": 503
      }
    ],
    "tests/test_github_credentials.py": [
      {
        "type": "GitHub Token",
        "filename": "tests/test_github_credentials.py",
        "hashed_secret": "e175c6f5f2a92e8623bd9a4820edb4e8c1b0fd10",
        "is_verified": false,
        "line_number": 45
      },
      {
        "type": "GitHub Token",
        "filename": "tests/test_github_credentials.py",
        "hashed_secret": "e4055de792e64bf8433b9c794f2611cb65f4c487",
        "is_verified": false,
        "line_number": 53
      }
    ],
    "tests/test_llm_client.py": [
      {
        "type": "Secret Keyword",
        "filename": "tests/test_llm_client.py",
        "hashed_secret": "f10317c27ca4d2ef628b2690766ceca20f8668ac",
        "is_verified": false,
        "line_number": 104
      },
      {
        "type": "Secret Keyword",
        "filename": "tests/test_llm_client.py",
        "hashed_secret": "65547299f940eca3dc839f3eac85e8a78a6deb05",
        "is_verified": false,
        "line_number": 116
      },
      {
        "type": "Secret Keyword",
        "filename": "tests/test_llm_client.py",
        "hashed_secret": "e9a5f12a8ecbb3eb46eca5096b5c52aa5e7c9fdd",
        "is_verified": false,
        "line_number": 323
      }
    ],
    "tests/test_permission_integration.py": [
      {
        "type": "Secret Keyword",
        "filename": "tests/test_permission_integration.py",
        "hashed_secret": "6731834487e9dd32ec3df63994d996da1133dbb9",
        "is_verified": false,
        "line_number": 65
      }
    ],
    "tests/test_postgres_integration.py": [
      {
        "type": "Basic Auth Credentials",
        "filename": "tests/test_postgres_integration.py",
        "hashed_secret": "a94a8fe5ccb19ba61c4c0873d391e987982fbbd3",
        "is_verified": false,
        "line_number": 21
      }
    ],
    "tests/test_s3_worm_storage.py": [
      {
        "type": "Secret Keyword",
        "filename": "tests/test_s3_worm_storage.py",
        "hashed_secret": "a94a8fe5ccb19ba61c4c0873d391e987982fbbd3",
        "is_verified": false,
        "line_number": 218
      }
    ],
    "tests/test_settings_integration.py": [
      {
        "type": "Basic Auth Credentials",
        "filename": "tests/test_settings_integration.py",
        "hashed_secret": "9d4e1e23bd5b727046a9e3b4b7db57bd8d6ee684",
        "is_verified": false,
        "line_number": 57
      },
      {
        "type": "Secret Keyword",
        "filename": "tests/test_settings_integration.py",
        "hashed_secret": "b6dfecf3684e6a40de435195509ac724c7349c03",
        "is_verified": false,
        "line_number": 151
      }
    ],
    "tests/test_source_providers.py": [
      {
        "type": "Secret Keyword",
        "filename": "tests/test_source_providers.py",
        "hashed_secret": "e9a5f12a8ecbb3eb46eca5096b5c52aa5e7c9fdd",
        "is_verified": false,
        "line_number": 81
      },
      {
        "type": "Basic Auth Credentials",
        "filename": "tests/test_source_providers.py",
        "hashed_secret": "08edb84aa6b2c00b97e6fe35585641aa7064e538",
        "is_verified": false,
        "line_number": 135
      },
      {
        "type": "Basic Auth Credentials",
        "filename": "tests/test_source_providers.py",
        "hashed_secret": "9d4e1e23bd5b727046a9e3b4b7db57bd8d6ee684",
        "is_verified": false,
        "line_number": 346
      },
      {
        "type": "Basic Auth Credentials",
        "filename": "tests/test_source_providers.py",
        "hashed_secret": "7d24084bbac309140f427b2b12b481899c2c9894",
        "is_verified": false,
        "line_number": 622
      },
      {
        "type": "Basic Auth Credentials",
        "filename": "tests/test_source_providers.py",
        "hashed_secret": "f2b14f68eb995facb3a1c35287b778d5bd785511",
        "is_verified": false,
        "line_number": 703
      },
      {
        "type": "Basic Auth Credentials",
        "filename": "tests/test_source_providers.py",
        "hashed_secret": "5f4a029b96f04931db2f62691cd1636e312f32e7",
        "is_verified": false,
        "line_number": 720
      }
    ],
    "tests/test_task_assignment_parity.py": [
      {
        "type": "Basic Auth Credentials",
        "filename": "tests/test_task_assignment_parity.py",
        "hashed_secret": "9d4e1e23bd5b727046a9e3b4b7db57bd8d6ee684",
        "is_verified": false,
        "line_number": 22
      }
    ],
    "tests/test_task_integration.py": [
      {
        "type": "Basic Auth Credentials",
        "filename": "tests/test_task_integration.py",
        "hashed_secret": "826160621e7fd1213c51c21627016177be303e27",
        "is_verified": false,
        "line_number": 18
      }
    ],
    "tests/test_task_service.sh": [
      {
        "type": "Basic Auth Credentials",
        "filename": "tests/test_task_service.sh",
        "hashed_secret": "826160621e7fd1213c51c21627016177be303e27",
        "is_verified": false,
        "line_number": 8
      }
    ],
    "tests/test_trace_analysis_postgres_smoke.py": [
      {
        "type": "Basic Auth Credentials",
        "filename": "tests/test_trace_analysis_postgres_smoke.py",
        "hashed_secret": "eebd8c369bc9a910460a1c7e8d185dfc96ae44eb",
        "is_verified": false,
        "line_number": 40
      }
    ],
    "tests/test_trace_analysis_service.py": [
      {
        "type": "Basic Auth Credentials",
        "filename": "tests/test_trace_analysis_service.py",
        "hashed_secret": "eebd8c369bc9a910460a1c7e8d185dfc96ae44eb",
        "is_verified": false,
        "line_number": 59
      }
    ],
    "tests/unit/test_api_capability_gating.py": [
      {
        "type": "Basic Auth Credentials",
        "filename": "tests/unit/test_api_capability_gating.py",
        "hashed_secret": "a94a8fe5ccb19ba61c4c0873d391e987982fbbd3",
        "is_verified": false,
        "line_number": 34
      }
    ],
    "tests/unit/test_google_provider.py": [
      {
        "type": "Secret Keyword",
        "filename": "tests/unit/test_google_provider.py",
        "hashed_secret": "03f5e2d670af3e9183f3fe790785b0d41291a17d",
        "is_verified": false,
        "line_number": 35
      },
      {
        "type": "Secret Keyword",
        "filename": "tests/unit/test_google_provider.py",
        "hashed_secret": "fe1bae27cb7c1fb823f496f286e78f1d2ae87734",
        "is_verified": false,
        "line_number": 406
      }
    ],
    "tests/unit/test_provider_registry.py": [
      {
        "type": "Secret Keyword",
        "filename": "tests/unit/test_provider_registry.py",
        "hashed_secret": "1089adfb1f11b95df31344030507912b5abdf57a",
        "is_verified": false,
        "line_number": 46
      },
      {
        "type": "Secret Keyword",
        "filename": "tests/unit/test_provider_registry.py",
        "hashed_secret": "116f0ff718ae0bdc5e2b5beab41ffd09586426a3",
        "is_verified": false,
        "line_number": 63
      }
    ]
  },
  "generated_at": "2026-04-02T18:58:47Z"
}
